// Jest Snapshot v1, https://goo.gl/fbAQLP

exports[`<Table /> renders correctly 1`] = `
<div
  className="table-list custom"
>
  <table
    border="0"
    cellPadding="0"
    cellSpacing="0"
    width="100%"
  >
    <colgroup>
      <col
        key=".0"
      />
      <col
        key=".1"
        width="100"
      />
      <col
        key=".2"
        width="150"
      />
      <col
        key=".3"
      />
    </colgroup>
    <thead>
      <tr>
        <th
          key=".0"
        >
          内容
        </th>
        <th
          key=".1"
        >
          日期
        </th>
        <th
          key=".2"
        >
          创建时间
        </th>
        <th
          key=".3"
        />
      </tr>
    </thead>
    <tbody>
      <tr
        key="0"
      >
        <td
          key=".0"
        >
          去云南旅游1
        </td>
        <td
          key=".1"
        >
          200
        </td>
        <td
          key=".2"
        >
          <span>
            2018-08-01
          </span>
        </td>
        <td
          key=".3"
        >
          <TableColumn>
            <span>
              修改
            </span>
            <span>
              查看
            </span>
          </TableColumn>
        </td>
      </tr>
      <tr
        key="1"
      >
        <td
          key=".0"
        >
          去云南旅游2
        </td>
        <td
          key=".1"
        >
          300
        </td>
        <td
          key=".2"
        >
          <span>
            2018-08-01
          </span>
        </td>
        <td
          key=".3"
        >
          <TableColumn>
            <span>
              修改
            </span>
            <span>
              查看
            </span>
          </TableColumn>
        </td>
      </tr>
    </tbody>
  </table>
</div>
`;
